[16:08:57] [main/INFO]: Loading Minecraft 1.21.1 with Fabric Loader 0.18.6
[16:08:58] [ForkJoinPool-1-worker-2/WARN]: Mod dbtools uses the version 1.3.5_AX5.2.1_MC1.20.5-1.21.4 which isn't compatible with Loader's extended semantic version format (Could not parse version number component '5_AX5'!), SemVer is recommended for reliably evaluating dependencies and prioritizing newer version
[16:09:00] [main/INFO]: Loading 118 mods:
	- axiom 5.3.0
	   |-- com_moulberry_axiomclientapi 1.0.67
	   |-- com_moulberry_mixinconstraints 1.0.9
	   \-- lattice 1.3.0
	- c2me 0.3.0+alpha.0.362+1.21.1
	   |-- c2me-base 0.3.0+alpha.0.362+1.21.1
	   |-- c2me-client-uncapvd 0.3.0+alpha.0.362+1.21.1
	   |-- c2me-fixes-chunkio-threading-issues 0.3.0+alpha.0.362+1.21.1
	   |-- c2me-fixes-general-threading-issues 0.3.0+alpha.0.362+1.21.1
	   |-- c2me-fixes-worldgen-threading-issues 0.3.0+alpha.0.362+1.21.1
	   |-- c2me-fixes-worldgen-vanilla-bugs 0.3.0+alpha.0.362+1.21.1
	   |-- c2me-notickvd 0.3.0+alpha.0.362+1.21.1
	   |-- c2me-opts-allocs 0.3.0+alpha.0.362+1.21.1
	   |-- c2me-opts-chunkio 0.3.0+alpha.0.362+1.21.1
	   |-- c2me-opts-dfc 0.3.0+alpha.0.362+1.21.1
	   |-- c2me-opts-math 0.3.0+alpha.0.362+1.21.1
	   |-- c2me-opts-scheduling 0.3.0+alpha.0.362+1.21.1
	   |-- c2me-opts-worldgen-general 0.3.0+alpha.0.362+1.21.1
	   |-- c2me-opts-worldgen-vanilla 0.3.0+alpha.0.362+1.21.1
	   |-- c2me-rewrites-chunk-serializer 0.3.0+alpha.0.362+1.21.1
	   |-- c2me-rewrites-chunk-system 0.3.0+alpha.0.362+1.21.1
	   |-- c2me-rewrites-chunkio 0.3.0+alpha.0.362+1.21.1
	   |-- c2me-server-utils 0.3.0+alpha.0.362+1.21.1
	   |-- c2me-threading-lighting 0.3.0+alpha.0.362+1.21.1
	   |-- com_ibm_async_asyncutil 0.1.0
	   |-- io_reactivex_rxjava3_rxjava 3.1.12
	   |-- mixinsquared 0.2.0-beta.6
	   |-- net_objecthunter_exp4j 0.4.8
	   |-- org_jctools_jctools-core 4.0.5
	   \-- org_reactivestreams_reactive-streams 1.0.4
	- cloth-config 15.0.140
	   \-- cloth-basic-math 0.6.1
	- dbtools 1.3.5_AX5.2.1_MC1.20.5-1.21.4
	   |-- com_google_code_gson_gson 2.10.1
	   \-- com_moulberry_mixinconstraints 1.0.9
	- e4mc 6.1.0
	   \-- folk_sisby_kaleido-config 0.3.3+1.3.2
	- effortless 3.4.0
	- entityculling 1.10.0
	- fabric-api 0.116.9+1.21.1
	   |-- fabric-api-base 0.4.42+6573ed8c19
	   |-- fabric-api-lookup-api-v1 1.6.72+7b3d111d19
	   |-- fabric-biome-api-v1 13.0.31+d527f9fd19
	   |-- fabric-block-api-v1 1.1.0+0bc3503219
	   |-- fabric-block-view-api-v2 1.0.11+ebb2264e19
	   |-- fabric-blockrenderlayer-v1 1.1.52+0af3f5a719
	   |-- fabric-client-tags-api-v1 1.1.15+6573ed8c19
	   |-- fabric-command-api-v1 1.2.49+f71b366f19
	   |-- fabric-command-api-v2 2.2.28+6ced4dd919
	   |-- fabric-commands-v0 0.2.66+df3654b319
	   |-- fabric-content-registries-v0 8.0.19+b559734419
	   |-- fabric-convention-tags-v1 2.1.6+7f945d5b19
	   |-- fabric-convention-tags-v2 2.11.2+fa89716719
	   |-- fabric-crash-report-info-v1 0.2.29+0af3f5a719
	   |-- fabric-data-attachment-api-v1 1.4.6+5b36e0f719
	   |-- fabric-data-generation-api-v1 20.2.35+37516cd619
	   |-- fabric-dimensions-v1 4.0.1+65213ef819
	   |-- fabric-entity-events-v1 1.8.0+2b27e0a419
	   |-- fabric-events-interaction-v0 0.7.13+ba9dae0619
	   |-- fabric-game-rule-api-v1 1.0.53+6ced4dd919
	   |-- fabric-item-api-v1 11.2.0+3b3cb2e819
	   |-- fabric-item-group-api-v1 4.1.7+def88e3a19
	   |-- fabric-key-binding-api-v1 1.0.47+0af3f5a719
	   |-- fabric-keybindings-v0 0.2.45+df3654b319
	   |-- fabric-lifecycle-events-v1 2.6.0+0865547519
	   |-- fabric-loot-api-v2 3.0.15+3f89f5a519
	   |-- fabric-loot-api-v3 1.0.3+3f89f5a519
	   |-- fabric-message-api-v1 6.0.14+8aaf3aca19
	   |-- fabric-model-loading-api-v1 2.1.0+b4d813fc19
	   |-- fabric-networking-api-v1 4.3.0+c7469b2119
	   |-- fabric-object-builder-api-v1 15.2.1+40875a9319
	   |-- fabric-particles-v1 4.0.2+6573ed8c19
	   |-- fabric-recipe-api-v1 5.0.15+2475392c19
	   |-- fabric-registry-sync-v0 5.3.1+e3eddc2119
	   |-- fabric-renderer-api-v1 3.4.1+b4d813fc19
	   |-- fabric-renderer-indigo 1.7.1+c705a49c19
	   |-- fabric-renderer-registries-v1 3.2.69+df3654b319
	   |-- fabric-rendering-data-attachment-v1 0.3.49+73761d2e19
	   |-- fabric-rendering-fluids-v1 3.1.6+1daea21519
	   |-- fabric-rendering-v0 1.1.72+df3654b319
	   |-- fabric-rendering-v1 5.1.0+ab4c25a019
	   |-- fabric-resource-conditions-api-v1 4.3.0+8dc279b119
	   |-- fabric-resource-loader-v0 1.3.1+5b5275af19
	   |-- fabric-screen-api-v1 2.0.25+8b68f1c719
	   |-- fabric-screen-handler-api-v1 1.3.90+b559734419
	   |-- fabric-sound-api-v1 1.0.23+6573ed8c19
	   |-- fabric-transfer-api-v1 5.4.4+7b3d111d19
	   \-- fabric-transitive-access-wideners-v1 6.2.0+45b9699719
	- fabric-language-kotlin 1.13.10+kotlin.2.3.20
	   |-- org_jetbrains_kotlin_kotlin-reflect 2.3.20
	   |-- org_jetbrains_kotlin_kotlin-stdlib 2.3.20
	   |-- org_jetbrains_kotlin_kotlin-stdlib-jdk7 2.3.20
	   |-- org_jetbrains_kotlin_kotlin-stdlib-jdk8 2.3.20
	   |-- org_jetbrains_kotlinx_atomicfu-jvm 0.32.1
	   |-- org_jetbrains_kotlinx_kotlinx-coroutines-core-jvm 1.10.2
	   |-- org_jetbrains_kotlinx_kotlinx-coroutines-jdk8 1.10.2
	   |-- org_jetbrains_kotlinx_kotlinx-datetime-jvm 0.7.1
	   |-- org_jetbrains_kotlinx_kotlinx-io-bytestring-jvm 0.9.0
	   |-- org_jetbrains_kotlinx_kotlinx-io-core-jvm 0.9.0
	   |-- org_jetbrains_kotlinx_kotlinx-serialization-cbor-jvm 1.10.0
	   |-- org_jetbrains_kotlinx_kotlinx-serialization-core-jvm 1.10.0
	   \-- org_jetbrains_kotlinx_kotlinx-serialization-json-jvm 1.10.0
	- fabricloader 0.18.6
	   \-- mixinextras 0.5.3
	- ferritecore 7.0.3
	- forgeconfigapiport 21.1.6
	   |-- com_electronwill_night-config_core 3.8.0
	   \-- com_electronwill_night-config_toml 3.8.0
	- icommon-bundle 107
	   \-- icommon 107+1.21.1
	        \-- icommon-api-configuration 1.0
	- java 21
	- lithium 0.15.3+mc1.21.1
	- minecraft 1.21.1
	- mr_2032_worldheight 1.1
	- packrule-menus 2.2.0+1.21
	- placeholder-api 2.4.2+1.21
	- skinlayers3d 1.11.1
	   |-- transition 1.0.17
	   \-- trender 1.0.12
	- worldedit 7.3.8+6939-7d32b45
	- xaeroworldmap 1.40.11
	   \-- xaerolib 1.1.0
	- yet_another_config_lib_v3 3.8.2+1.21.1-fabric
	   |-- com_twelvemonkeys_common_common-image 3.12.0
	   |-- com_twelvemonkeys_common_common-io 3.12.0
	   |-- com_twelvemonkeys_common_common-lang 3.12.0
	   |-- com_twelvemonkeys_imageio_imageio-core 3.12.0
	   |-- com_twelvemonkeys_imageio_imageio-metadata 3.12.0
	   |-- com_twelvemonkeys_imageio_imageio-webp 3.12.0
	   |-- org_quiltmc_parsers_gson 0.2.1
	   \-- org_quiltmc_parsers_json 0.2.1
[16:09:01] [main/INFO]: SpongePowered MIXIN Subsystem Version=0.8.7 Source=file:/workspaces/ElCastilloMagico/servidor_minecraft/libraries/net/fabricmc/sponge-mixin/0.17.0+mixin.0.8.7/sponge-mixin-0.17.0+mixin.0.8.7.jar Service=Knot/Fabric Env=SERVER
[16:09:01] [main/INFO]: Compatibility level set to JAVA_17
[16:09:01] [main/INFO]: Compatibility level set to JAVA_21
[16:09:02] [main/INFO]: Loading Mixin Plugin for Axiom/5.3.0
[16:09:02] [main/INFO]: Initializing com.ishland.c2me.base.mixin
[16:09:02] [main/INFO]: Global Executor Parallelism: 3 configured, 3 evaluated, 3 default evaluated
[16:09:02] [main/INFO]: Initializing com.ishland.c2me.fixes.chunkio.threading_issues.mixin
[16:09:02] [main/INFO]: Initializing com.ishland.c2me.fixes.general.threading_issues.mixin
[16:09:02] [main/INFO]: Initializing com.ishland.c2me.fixes.worldgen.threading_issues.mixin
[16:09:02] [main/INFO]: Initializing com.ishland.c2me.fixes.worldgen.vanilla_bugs.mixin
[16:09:02] [main/INFO]: Initializing com.ishland.c2me.notickvd.mixin
[16:09:02] [main/INFO]: Initializing com.ishland.c2me.opts.allocs.mixin
[16:09:02] [main/INFO]: Initializing com.ishland.c2me.opts.chunkio.mixin
[16:09:02] [main/INFO]: Initializing com.ishland.c2me.opts.dfc.mixin
[16:09:02] [main/INFO]: Disabling com.ishland.c2me.opts.dfc.mixin
[16:09:02] [main/INFO]: Initializing com.ishland.c2me.opts.math.mixin
[16:09:02] [main/INFO]: Initializing com.ishland.c2me.opts.scheduling.mixin
[16:09:02] [main/INFO]: Initializing com.ishland.c2me.opts.worldgen.general.mixin
[16:09:02] [main/INFO]: Initializing com.ishland.c2me.opts.worldgen.vanilla.mixin
[16:09:02] [main/INFO]: Initializing com.ishland.c2me.rewrites.chunk_serializer.mixin
[16:09:02] [main/INFO]: Disabling com.ishland.c2me.rewrites.chunk_serializer.mixin
[16:09:02] [main/INFO]: Initializing com.ishland.c2me.rewrites.chunksystem.mixin
[16:09:02] [main/INFO]: Initializing com.ishland.c2me.rewrites.chunkio.mixin
[16:09:02] [main/INFO]: Initializing com.ishland.c2me.server.utils.mixin
[16:09:02] [main/INFO]: Initializing com.ishland.c2me.threading.lighting.mixin
[16:09:02] [main/WARN]: Reference map 'forgeconfigapiport.common.refmap.json' for forgeconfigapiport.common.mixins.json could not be read. If this is a development environment you can ignore this message
[16:09:02] [main/INFO]: Option 'mixin.entity.collisions.fluid' requires 'mixin.util.block_tracking=true' but found 'false'. Setting 'mixin.entity.collisions.fluid=false'.
[16:09:02] [main/INFO]: Option 'mixin.experimental.entity.block_caching.block_support' requires 'mixin.util.block_tracking=true' but found 'false'. Setting 'mixin.experimental.entity.block_caching.block_support=false'.
[16:09:02] [main/INFO]: Option 'mixin.experimental.entity.block_caching.fluid_pushing' requires 'mixin.util.block_tracking=true' but found 'false'. Setting 'mixin.experimental.entity.block_caching.fluid_pushing=false'.
[16:09:02] [main/INFO]: Option 'mixin.experimental.entity.block_caching.block_touching' requires 'mixin.util.block_tracking=true' but found 'false'. Setting 'mixin.experimental.entity.block_caching.block_touching=false'.
[16:09:02] [main/INFO]: Option 'mixin.experimental.entity.block_caching.suffocation' requires 'mixin.util.block_tracking=true' but found 'false'. Setting 'mixin.experimental.entity.block_caching.suffocation=false'.
[16:09:02] [main/INFO]: Option 'mixin.experimental.entity.block_caching' requires 'mixin.util.block_tracking=true' but found 'false'. Setting 'mixin.experimental.entity.block_caching=false'.
[16:09:02] [main/INFO]: Loaded configuration file for Lithium: 150 options available, 1 override(s) found
[16:09:02] [main/WARN]: Reference map 'yet_another_config_lib_v3.refmap.json' for yacl.mixins.json could not be read. If this is a development environment you can ignore this message
[16:09:02] [main/WARN]: Reference map 'yet_another_config_lib_v3.refmap.json' for yacl-fabric.mixins.json could not be read. If this is a development environment you can ignore this message
[16:09:03] [main/WARN]: Error loading class: ca/spottedleaf/starlight/common/thread/SchedulingUtil (java.lang.ClassNotFoundException: ca/spottedleaf/starlight/common/thread/SchedulingUtil)
[16:09:03] [main/WARN]: Error loading class: com/electronwill/nightconfig/core/io/IoUtils (java.lang.ClassNotFoundException: com/electronwill/nightconfig/core/io/IoUtils)
[16:09:03] [main/INFO]:  iCommonLib (for 1.21.1) - Common Code for mods. Copyright (c) 2018-2026 Isaiah.
[16:09:03] [main/INFO]: Applying mixin: MixinMinecraftServer...
[16:09:03] [main/INFO]: Force-enabling mixin 'compat.worldedit.LevelChunkMixin' as rule 'mixin.compat.worldedit' (added by mods [lithium]) enables it
[16:09:03] [main/WARN]: Error loading class: net/minecraft/class_429 (java.lang.ClassNotFoundException: net/minecraft/class_429)
[16:09:03] [main/WARN]: @Mixin target net.minecraft.class_429 was not found packrule-menus.mixins.json:OptionScreenMixin from mod packrule-menus
[16:09:03] [main/INFO]: Applying mixin: MixinMinecraftServer...
[16:09:03] [main/INFO]: Applying mixin: MixinBlockState...
[16:09:03] [main/INFO]: Applying mixin: MixinBlockItem...
[16:09:03] [main/INFO]: Applying Mixin: MixinNetherPortalBlock...
[16:09:03] [main/INFO]: Applied 22 mixins.
[16:09:03] [main/INFO]: Initializing MixinExtras via com.llamalad7.mixinextras.service.MixinExtrasServiceImpl(version=0.5.3).
[16:09:09] [main/INFO]: Initializing Axiom/5.3.0
[16:09:10] [main/INFO]: iCommon Mod initialized.
[16:09:10] [main/INFO]: Got request to register class com.sk89q.worldedit.fabric.FabricPlatform with WorldEdit [com.sk89q.worldedit.extension.platform.PlatformManager@723877b3]
[16:09:10] [main/INFO]: WorldEdit for Fabric (version 7.3.8+6939-7d32b45) is loaded
[16:09:10] [main/INFO]: Registering common data for channel xaerolib:main!
[16:09:10] [main/INFO]: Loading primary common config for channel xaerolib:main!
[16:09:10] [main/INFO]: Loading server config profiles for channel xaerolib:main!
[16:09:10] [main/INFO]: Loading XaeroLib common 1/2!
[16:09:10] [main/INFO]: Loading XaeroLib server 1/2!
[16:09:10] [main/INFO]: Registering common data for channel xaeroworldmap:main!
[16:09:10] [main/INFO]: Loading primary common config for channel xaeroworldmap:main!
[16:09:10] [main/INFO]: Loading server config profiles for channel xaeroworldmap:main!
[16:09:10] [main/INFO]: Loading Xaero's World Map - Stage 1/2 (Server)
[16:09:10] [main/INFO]: Environment: Environment[sessionHost=https://sessionserver.mojang.com, servicesHost=https://api.minecraftservices.com, name=PROD]
[16:09:13] [Worker-Main-3/INFO]: Registering commands with com.sk89q.worldedit.fabric.FabricPlatform
[16:09:13] [main/INFO]: Loaded 1290 recipes
[16:09:13] [main/INFO]: Loaded 1399 advancements
[16:09:14] [main/INFO]: Applied 0 biome modifications to 0 of 64 new biomes in 1.047 ms
[16:09:14] [Server thread/INFO]: Loading XaeroLib common 2/2!
[16:09:14] [Server thread/INFO]: Loading XaeroLib server 2/2!
[16:09:14] [Server thread/INFO]: Setting IServer instance..
[16:09:14] [Server thread/INFO]: Starting minecraft server version 1.21.1
[16:09:14] [Server thread/INFO]: Loading properties
[16:09:14] [Server thread/INFO]: Default game type: CREATIVE
[16:09:14] [Server thread/INFO]: Generating keypair
[16:09:14] [Server thread/INFO]: Starting Minecraft server on *:25565
[16:09:14] [Server thread/INFO]: Using epoll channel type
[16:09:14] [Server thread/WARN]: **** SERVER IS RUNNING IN OFFLINE/INSECURE MODE!
[16:09:14] [Server thread/WARN]: The server will make no attempt to authenticate usernames. Beware.
[16:09:14] [Server thread/WARN]: While this makes the game possible to play without internet access, it also opens up the ability for hackers to connect with any username they choose.
[16:09:14] [Server thread/WARN]: To change this, set "online-mode" to "true" in the server.properties file.
[16:09:14] [Server thread/INFO]: Preparing level "world"
[16:09:14] [e4mc_minecraft-init/INFO]: broker req: https://broker.e4mc.link/getBestRelay GET
[16:09:14] [Server thread/INFO]: Enforcing safe world random access
[16:09:14] [Server thread/INFO]: Setting IWorld for world "El Castillo Magico"
[16:09:14] [Server thread/INFO]: Using TheSpeedyObjectFactory with Unsafe
[16:09:15] [Server thread/INFO]: Setting IWorld for world "El Castillo Magico_nether"
[16:09:15] [e4mc_minecraft-init/INFO]: broker resp: (GET https://broker.e4mc.link/getBestRelay) 200
[16:09:15] [e4mc_minecraft-init/INFO]: using relay us
[16:09:16] [Netty Epoll Server IO #1/INFO]: control channel open: [id: 0xde65d442, QuicStreamAddress{streamId=0}]
[16:09:16] [Netty Epoll Server IO #1/INFO]: writing link.e4mc.QuiclimeSession$ControlMessageCodec$ProbeCapabilitiesMessageServerbound@4146b8a
[16:09:16] [Netty Epoll Server IO #1/INFO]: writing 30 bytes
[16:09:16] [Netty Epoll Server IO #1/INFO]: probing capabilities
[16:09:16] [Netty Epoll Server IO #1/INFO]: writing link.e4mc.QuiclimeSession$ControlMessageCodec$RequestDomainAssignmentMessageServerbound@57e7bd7b
[16:09:16] [Netty Epoll Server IO #1/INFO]: writing 37 bytes
[16:09:16] [Netty Epoll Server IO #1/INFO]: control channel write complete
[16:09:16] [Netty Epoll Server IO #1/WARN]: e4mc running on Dedicated Server; This works, but isn't recommended as e4mc is designed for short-lived LAN servers
[16:09:16] [Netty Epoll Server IO #1/INFO]: Domain assigned: chatter-wiry.us.e4mc.link
[16:09:16] [Netty Epoll Server IO #2/INFO]: relaymap req: https://natives.e4mc.link/relaymap.json GET
[16:09:16] [Netty Epoll Server IO #2/INFO]: relaymap resp: (GET https://natives.e4mc.link/relaymap.json) 200
[16:09:17] [Server thread/INFO]: Setting IWorld for world "El Castillo Magico_the_end"
[16:09:18] [Server thread/INFO]: Preparing start region for dimension minecraft:overworld
[16:09:18] [Dialtone Server Dispatcher/INFO]: got new session ticket
[16:09:18] [Dialtone Server Dispatcher/INFO]: got new session ticket
[16:09:18] [Netty Epoll Server IO #1/INFO]: writing link.e4mc.QuiclimeSession$ControlMessageCodec$DialtoneRegisterTicketMessageServerbound@93ad9f5
[16:09:18] [Netty Epoll Server IO #1/INFO]: writing 114 bytes
[16:09:18] [Netty Epoll Server IO #1/INFO]: notified server of our ticket
[16:09:18] [Netty Epoll Server IO #1/INFO]: writing link.e4mc.QuiclimeSession$ControlMessageCodec$DialtoneRegisterTicketMessageServerbound@25a4c223
[16:09:18] [Netty Epoll Server IO #1/INFO]: writing 160 bytes
[16:09:18] [Netty Epoll Server IO #1/INFO]: notified server of our ticket
[16:09:19] [c2me-worker-0/INFO]: Preparing spawn area: 0%
[16:09:19] [c2me-worker-1/INFO]: Preparing spawn area: 0%
[16:09:19] [c2me-worker-2/INFO]: Preparing spawn area: 0%
[16:09:19] [c2me-worker-1/INFO]: Preparing spawn area: 8%
[16:09:20] [c2me-worker-2/INFO]: Preparing spawn area: 30%
[16:09:20] [minecraft_overworld - Light/INFO]: Preparing spawn area: 83%
[16:09:20] [Server thread/INFO]: Time elapsed: 2646 ms
[16:09:20] [Server thread/INFO]: Done (6.136s)! For help, type "help"
[16:09:24] [Server thread/INFO]: Loading Xaero's World Map - Stage 2/2 (Server)
[16:09:42] [Dialtone Server Dispatcher/INFO]: got new session ticket
[16:09:42] [Netty Epoll Server IO #1/INFO]: writing link.e4mc.QuiclimeSession$ControlMessageCodec$DialtoneRegisterTicketMessageServerbound@74c797bf
[16:09:42] [Netty Epoll Server IO #1/INFO]: writing 160 bytes
[16:09:42] [Netty Epoll Server IO #1/INFO]: notified server of our ticket
[16:14:20] [Dialtone Server Dispatcher/INFO]: got new session ticket
[16:14:20] [Netty Epoll Server IO #1/INFO]: writing link.e4mc.QuiclimeSession$ControlMessageCodec$DialtoneRegisterTicketMessageServerbound@7a9af752
[16:14:20] [Netty Epoll Server IO #1/INFO]: writing 160 bytes
[16:14:20] [Netty Epoll Server IO #1/INFO]: notified server of our ticket
[16:14:45] [Dialtone Server Dispatcher/INFO]: got new session ticket
[16:14:45] [Netty Epoll Server IO #1/INFO]: writing link.e4mc.QuiclimeSession$ControlMessageCodec$DialtoneRegisterTicketMessageServerbound@32a8fdd1
[16:14:45] [Netty Epoll Server IO #1/INFO]: writing 160 bytes
[16:14:45] [Netty Epoll Server IO #1/INFO]: notified server of our ticket
[16:19:21] [Dialtone Server Dispatcher/INFO]: got new session ticket
[16:19:21] [Netty Epoll Server IO #1/INFO]: writing link.e4mc.QuiclimeSession$ControlMessageCodec$DialtoneRegisterTicketMessageServerbound@41311471
[16:19:21] [Netty Epoll Server IO #1/INFO]: writing 160 bytes
[16:19:21] [Netty Epoll Server IO #1/INFO]: notified server of our ticket
[16:19:44] [Dialtone Server Dispatcher/INFO]: got new session ticket
[16:19:44] [Netty Epoll Server IO #1/INFO]: writing link.e4mc.QuiclimeSession$ControlMessageCodec$DialtoneRegisterTicketMessageServerbound@642b2716
[16:19:44] [Netty Epoll Server IO #1/INFO]: writing 160 bytes
[16:19:44] [Netty Epoll Server IO #1/INFO]: notified server of our ticket
[16:23:13] [Server thread/INFO]: Stopping the server
[16:23:13] [Server thread/INFO]: Stopping server
[16:23:13] [Server thread/INFO]: Saving players
[16:23:13] [Server thread/INFO]: Saving worlds
[16:23:13] [Server thread/INFO]: ServerLevel[El Castillo Magico]/minecraft:overworld: waiting for 841 chunks to unload
[16:23:13] [Server thread/INFO]: Saving chunks for level 'ServerLevel[El Castillo Magico]'/minecraft:overworld
[16:23:13] [Server thread/INFO]: Saving chunks for level 'ServerLevel[El Castillo Magico]'/minecraft:the_nether
[16:23:13] [Server thread/INFO]: Saving chunks for level 'ServerLevel[El Castillo Magico]'/minecraft:the_end
[16:23:13] [Server thread/INFO]: ThreadedAnvilChunkStorage (world): All chunks are saved
[16:23:13] [Server thread/INFO]: ThreadedAnvilChunkStorage (DIM-1): All chunks are saved
[16:23:13] [Server thread/INFO]: ThreadedAnvilChunkStorage (DIM1): All chunks are saved
[16:23:13] [Server thread/INFO]: ThreadedAnvilChunkStorage: All dimensions are saved
[16:23:13] [C2ME Storage #3/INFO]: Storage thread Thread[#56,C2ME Storage #3,5,main] stopped
[16:23:13] [C2ME Storage #8/INFO]: Storage thread Thread[#68,C2ME Storage #8,5,main] stopped
[16:23:13] [C2ME Storage #4/INFO]: Storage thread Thread[#59,C2ME Storage #4,5,main] stopped
[16:23:13] [C2ME Storage #5/INFO]: Storage thread Thread[#60,C2ME Storage #5,5,main] stopped
[16:23:13] [C2ME Storage #6/INFO]: Storage thread Thread[#66,C2ME Storage #6,5,main] stopped
[16:23:13] [C2ME Storage #7/INFO]: Storage thread Thread[#67,C2ME Storage #7,5,main] stopped
[16:23:13] [C2ME Storage #1/INFO]: Storage thread Thread[#54,C2ME Storage #1,5,main] stopped
[16:23:13] [C2ME Storage #2/INFO]: Storage thread Thread[#55,C2ME Storage #2,5,main] stopped
[16:23:13] [C2ME Storage #9/INFO]: Storage thread Thread[#69,C2ME Storage #9,5,main] stopped
